script for searching movie in circleftp.net
Created By MD. Shimul. ;)
---------------------------------

---------------------
Movie: Go Goa Gone 2013 1080p Gplay WEB-DL DDP 5.1 x264 already exist in the server..
+---------
|
+---Go Goa Gone (2013) HDRip
|   \---http://circleftp.net/cn/go-goa-gone-2013-hdrip/
|
+---Mickey Mouse Mixed-Up Adventure (TV Series 2017-) Anime
|   \---http://circleftp.net/cn/mickey-mouse-mixed-up-adventure-tv-series-2017-anime/
|
+---Taarak Mehta Ka Ooltah Chashmah (TV Series 2008-) (001-2900Episodes)
|   \---http://circleftp.net/cn/taarak-mehta-ka-ooltah-chashmah-tv-series-2008-001-2900episodes/
|
|

---------------------
Movie: What.the.Fish.2013.1080p.NF.WEB-DL.DDP5.1.H.264 not Found in the server..
+---------
|
+---What The Fish (2014)
|   \---http://circleftp.net/cn/what-the-fish-2014/
|
+---The Spy (TV Mini-Series 2019)
|   \---http://circleftp.net/cn/the-spy-tv-mini-series-2019/
|
+---Deadliest Catch (TV Series 2005-)
|   \---http://circleftp.net/cn/deadliest-catch-tv-series-2005/
|
+---Daniel Tiger’s Neighborhood (TV Series 2012-)
|   \---http://circleftp.net/cn/daniel-tigers-neighborhood-tv-series-2012/
|
+---Tyrant (TV Series 2014-2016)
|   \---http://circleftp.net/cn/tyrant-tv-series-2014-2016/
|
|

---------------------
Movie: Delhi Belly 2011 1080p NF WEB-DL x264 AVC Dual Audio [Hindi DD 5.1 + English DDP 5.1] ESubs already exist in the server..
+---------
|
+---Delhi Belly (2011) Hindi 720p HDRip x264 AAC
|   \---http://circleftp.net/cn/delhi-belly-2011-hindi-720p-hdrip-x264-aac/
|
+---Delhi Belly – 2011
|   \---http://circleftp.net/cn/delhi-belly-2011/
|
+---Blitz (2011) 1080p 10bit Bluray [Dual Audio] [Hindi+English] x265 ESubs
|   \---http://circleftp.net/cn/blitz-2011-1080p-10bit-bluray-dual-audio-hindienglish-x265-esubs/
|
+---Super Bear (2019) 1080p WEBRip [Dual Audio] [Hindi+Turkish]
|   \---http://circleftp.net/cn/super-bear-2019-1080p-webrip-dual-audio-hinditurkish/
|
+---Mine (2016) 1080p BluRay x264
|   \---http://circleftp.net/cn/mine-2016-1080p-bluray-x264/
|
|

---------------------
Movie: Say Salaam India 2007 not Found in the server..
+---------
|
|
